
anyes@LAPTOP-NSVBDVQU MINGW64 ~
$ mkdir devops-task1
mkdir: cannot create directory ‘devops-task1’: File exists

anyes@LAPTOP-NSVBDVQU MINGW64 ~
$ cd devops-task1

anyes@LAPTOP-NSVBDVQU MINGW64 ~/devops-task1 (main|REBASE 3/3)
$ git init
Reinitialized existing Git repository in C:/Users/anyes/devops-task1/.git/

anyes@LAPTOP-NSVBDVQU MINGW64 ~/devops-task1 (main|REBASE 3/3)
$ echo "Hello, this is Task 1" > file.txt

anyes@LAPTOP-NSVBDVQU MINGW64 ~/devops-task1 (main|REBASE 3/3)
$ git add file.txt
warning: in the working copy of 'file.txt', LF will be replaced by CRLF the next time Git touches it

anyes@LAPTOP-NSVBDVQU MINGW64 ~/devops-task1 (main|REBASE 3/3)
$ git commit -m "Initial commit with file.txt"
[detached HEAD afab0cf] Initial commit with file.txt
 1 file changed, 1 insertion(+)
 create mode 100644 file.txt

anyes@LAPTOP-NSVBDVQU MINGW64 ~/devops-task1 (main|REBASE 3/3)
$ git branch feature-branch
fatal: a branch named 'feature-branch' already exists

anyes@LAPTOP-NSVBDVQU MINGW64 ~/devops-task1 (main|REBASE 3/3)
$ git checkout feature-branch
Warning: you are leaving 4 commits behind, not connected to
any of your branches:

  afab0cf Initial commit with file.txt
  9a3a092 Updated file,text in feature-branch
  1df7aa1 Conflicting update in main
  93fe457 Initial commit with file.text

If you want to keep them by creating a new branch, this may be a good time
to do so with:

 git branch <new-branch-name> afab0cf

Switched to branch 'feature-branch'

anyes@LAPTOP-NSVBDVQU MINGW64 ~/devops-task1 (main|REBASE 3/3)
$ echo "This is a new feature update." >> file.txt

anyes@LAPTOP-NSVBDVQU MINGW64 ~/devops-task1 (main|REBASE 3/3)
$ git add file.txt
warning: in the working copy of 'file.txt', LF will be replaced by CRLF the next time Git touches it

anyes@LAPTOP-NSVBDVQU MINGW64 ~/devops-task1 (main|REBASE 3/3)
$ git commit -m "Updated file.txt in feature_branch"
[feature-branch 9f06b98] Updated file.txt in feature_branch
 1 file changed, 1 insertion(+)
 create mode 100644 file.txt

anyes@LAPTOP-NSVBDVQU MINGW64 ~/devops-task1 (main|REBASE 3/3)
$ git checkout main
Switched to branch 'main'

anyes@LAPTOP-NSVBDVQU MINGW64 ~/devops-task1 (main|REBASE 3/3)
$ echo "This is a conflicting update in main." >> file.txt

anyes@LAPTOP-NSVBDVQU MINGW64 ~/devops-task1 (main|REBASE 3/3)
$ git add file.txt
warning: in the working copy of 'file.txt', LF will be replaced by CRLF the next time Git touches it

anyes@LAPTOP-NSVBDVQU MINGW64 ~/devops-task1 (main|REBASE 3/3)
$ git commit -m "Conflicting update in main"
[main d4cbfd0] Conflicting update in main
 1 file changed, 1 insertion(+)
 create mode 100644 file.txt

anyes@LAPTOP-NSVBDVQU MINGW64 ~/devops-task1 (main|REBASE 3/3)
$ git merge feature-branch
Auto-merging file.txt
CONFLICT (add/add): Merge conflict in file.txt
Automatic merge failed; fix conflicts and then commit the result.

anyes@LAPTOP-NSVBDVQU MINGW64 ~/devops-task1 (main|REBASE 3/3)
$ git add file.txt

anyes@LAPTOP-NSVBDVQU MINGW64 ~/devops-task1 (main|REBASE 3/3)
$ git commit -m "Resolved merge conflict in file.txt"
[main f9ee30e] Resolved merge conflict in file.txt

anyes@LAPTOP-NSVBDVQU MINGW64 ~/devops-task1 (main|REBASE 3/3)
$ git remote add origin https://github.com/Anyesha-Biswas/CodTech_Task-1.git
error: remote origin already exists.

anyes@LAPTOP-NSVBDVQU MINGW64 ~/devops-task1 (main|REBASE 3/3)
$ git branch -M main

anyes@LAPTOP-NSVBDVQU MINGW64 ~/devops-task1 (main|REBASE 3/3)
$ git push -u origin main
To https://github.com/Anyesha-Biswas/CodTech_Task-1.git
 ! [rejected]        main -> main (non-fast-forward)
error: failed to push some refs to 'https://github.com/Anyesha-Biswas/CodTech_Task-1.git'
hint: Updates were rejected because the tip of your current branch is behind
hint: its remote counterpart. If you want to integrate the remote changes,
hint: use 'git pull' before pushing again.
hint: See the 'Note about fast-forwards' in 'git push --help' for details.

anyes@LAPTOP-NSVBDVQU MINGW64 ~/devops-task1 (main|REBASE 3/3)
$ ^C

anyes@LAPTOP-NSVBDVQU MINGW64 ~/devops-task1 (main|REBASE 3/3)
$ git pull origin main --rebase
From https://github.com/Anyesha-Biswas/CodTech_Task-1
 * branch            main       -> FETCH_HEAD
fatal: It seems that there is already a rebase-merge directory, and
I wonder if you are in the middle of another rebase.  If that is the
case, please try
        git rebase (--continue | --abort | --skip)
If that is not the case, please
        rm -fr ".git/rebase-merge"
and run me again.  I am stopping in case you still have something
valuable there.


anyes@LAPTOP-NSVBDVQU MINGW64 ~/devops-task1 (main|REBASE 3/3)
$ git add .

anyes@LAPTOP-NSVBDVQU MINGW64 ~/devops-task1 (main|REBASE 3/3)
$ git rebase --continue
error: update_ref failed for ref 'refs/heads/main': cannot lock ref 'refs/heads/main': is at f9ee30e629d528fca567d9d507db128ced755723 but expected b53d0f54bc0b54e5d1eb7fbe04bc27d3f4a9b39b
error: could not update refs/heads/main

anyes@LAPTOP-NSVBDVQU MINGW64 ~/devops-task1 (main|REBASE 3/3)
$ git push --force origin main
Enumerating objects: 21, done.
Counting objects: 100% (21/21), done.
Delta compression using up to 8 threads
Compressing objects: 100% (14/14), done.
Writing objects: 100% (21/21), 1.92 KiB | 981.00 KiB/s, done.
Total 21 (delta 2), reused 0 (delta 0), pack-reused 0 (from 0)
remote: Resolving deltas: 100% (2/2), done.
To https://github.com/Anyesha-Biswas/CodTech_Task-1.git
 + a9c299a...f9ee30e main -> main (forced update)

anyes@LAPTOP-NSVBDVQU MINGW64 ~/devops-task1 (main|REBASE 3/3)
$
